STAR version=2.7.10b
STAR compilation time,server,dir=2022-11-01T09:53:26-04:00 :/home/dobin/data/STAR/STARcode/STAR.master/source
STAR git: On branch master ; commit c6f8efc2c7043ef83bf8b0d9bed36bbb6b9b1133 ; diff files: CHANGES.md 
##### Command Line:
STAR --runMode genomeGenerate --genomeDir star --genomeFastaFiles chrM.fa --genomeSAindexNbases 7
##### Initial USER parameters from Command Line:
###### All USER parameters from Command Line:
runMode                       genomeGenerate        ~RE-DEFINED
genomeDir                     star     ~RE-DEFINED
genomeFastaFiles              chrM.fa        ~RE-DEFINED
genomeSAindexNbases           7     ~RE-DEFINED
##### Finished reading parameters from all sources

##### Final user re-defined parameters-----------------:
runMode                           genomeGenerate   
genomeDir                         star
genomeFastaFiles                  chrM.fa   
genomeSAindexNbases               7

-------------------------------
##### Final effective command line:
STAR   --runMode genomeGenerate      --genomeDir star   --genomeFastaFiles chrM.fa      --genomeSAindexNbases 7
----------------------------------------

Number of fastq files for each mate = 1
ParametersSolo: --soloCellFilterType CellRanger2.2 filtering parameters:  3000 0.99 10
Finished loading and checking parameters
--genomeDir directory created: star/
Jan 03 14:29:18 ... starting to generate Genome files
chrM.fa : chr # 0  "chrM" chrStart: 0
Chromosome sequence lengths: 
chrM	16569
Genome sequence total length = 16569
Genome size with padding = 262144
!!!!! WARNING: --genomeSAindexNbases 7 is too large for the genome size=16569, which may cause seg-fault at the mapping step. Re-run genome generation with recommended --genomeSAindexNbases 6
Estimated genome size with padding and SJs: total=genome+SJ=201262144 = 262144 + 201000000
GstrandBit=32
Number of SA indices: 33136
Jan 03 14:29:18 ... starting to sort Suffix Array. This may take a long time...
Number of chunks: 1;   chunks size limit: 18599685304 bytes
Jan 03 14:29:18 ... sorting Suffix Array chunks and saving them to disk...
Writing 265088 bytes into star//SA_0 ; empty space on disk = 25457848320 bytes ... done
Jan 03 14:29:18 ... loading chunks from disk, packing SA...
Jan 03 14:29:18 ... finished generating suffix array
Jan 03 14:29:18 ... generating Suffix Array index
Jan 03 14:29:18 ... completed Suffix Array index
Jan 03 14:29:18 ... writing Genome to disk ...
Writing 262144 bytes into star//Genome ; empty space on disk = 25457844224 bytes ... done
SA size in bytes: 136689
Jan 03 14:29:18 ... writing Suffix Array to disk ...
Writing 136689 bytes into star//SA ; empty space on disk = 25457582080 bytes ... done
Jan 03 14:29:18 ... writing SAindex to disk
Writing 8 bytes into star//SAindex ; empty space on disk = 25457442816 bytes ... done
Writing 64 bytes into star//SAindex ; empty space on disk = 25457442816 bytes ... done
Writing 95571 bytes into star//SAindex ; empty space on disk = 25457442816 bytes ... done
Jan 03 14:29:18 ..... finished successfully
DONE: Genome generation, EXITING
