STAR version=2.7.8a
STAR compilation time,server,dir=Sat Feb 20 13:34:37 EST 2021 vega:/home/dobin/data/STAR/STARcode/STAR.master/source
##### Command Line:
/usr/local/bin/STAR --runMode genomeGenerate --limitGenomeGenerateRAM 40419136213 --genomeChrBinNbits 16 --genomeSAindexNbases 6 --sjdbOverhang 150 --genomeDir ctat_genome_lib_build_dir_chrM/ref_genome.fa.star.idx --genomeFastaFiles ../../test/data/reference/chrM.fa --sjdbGTFfile GRCh38_gencode_v22_CTAT_lib_Mar012021.source/gencode.v22.annotation.chrM.gtf
##### Initial USER parameters from Command Line:
###### All USER parameters from Command Line:
runMode                       genomeGenerate        ~RE-DEFINED
limitGenomeGenerateRAM        40419136213     ~RE-DEFINED
genomeChrBinNbits             16     ~RE-DEFINED
genomeSAindexNbases           6     ~RE-DEFINED
sjdbOverhang                  150     ~RE-DEFINED
genomeDir                     ctat_genome_lib_build_dir_chrM/ref_genome.fa.star.idx     ~RE-DEFINED
genomeFastaFiles              ../../test/data/reference/chrM.fa        ~RE-DEFINED
sjdbGTFfile                   GRCh38_gencode_v22_CTAT_lib_Mar012021.source/gencode.v22.annotation.chrM.gtf     ~RE-DEFINED
##### Finished reading parameters from all sources

##### Final user re-defined parameters-----------------:
runMode                           genomeGenerate   
genomeDir                         ctat_genome_lib_build_dir_chrM/ref_genome.fa.star.idx
genomeFastaFiles                  ../../test/data/reference/chrM.fa   
genomeSAindexNbases               6
genomeChrBinNbits                 16
limitGenomeGenerateRAM            40419136213
sjdbGTFfile                       GRCh38_gencode_v22_CTAT_lib_Mar012021.source/gencode.v22.annotation.chrM.gtf
sjdbOverhang                      150

-------------------------------
##### Final effective command line:
/usr/local/bin/STAR   --runMode genomeGenerate      --genomeDir ctat_genome_lib_build_dir_chrM/ref_genome.fa.star.idx   --genomeFastaFiles ../../test/data/reference/chrM.fa      --genomeSAindexNbases 6   --genomeChrBinNbits 16   --limitGenomeGenerateRAM 40419136213   --sjdbGTFfile GRCh38_gencode_v22_CTAT_lib_Mar012021.source/gencode.v22.annotation.chrM.gtf   --sjdbOverhang 150
----------------------------------------

Number of fastq files for each mate = 1
ParametersSolo: --soloCellFilterType CellRanger2.2 filtering parameters:  3000 0.99 10
Finished loading and checking parameters
--genomeDir directory created: ctat_genome_lib_build_dir_chrM/ref_genome.fa.star.idx/
Mar 31 14:42:27 ... starting to generate Genome files
../../test/data/reference/chrM.fa : chr # 0  "chrM" chrStart: 0
Chromosome sequence lengths: 
chrM	16569
Genome sequence total length = 16569
Genome size with padding = 65536
Mar 31 14:42:27 ..... processing annotations GTF
Processing pGe.sjdbGTFfile=GRCh38_gencode_v22_CTAT_lib_Mar012021.source/gencode.v22.annotation.chrM.gtf, found:
		37 transcripts
		37 exons (non-collapsed)
		0 collapsed junctions
Total junctions: 0
Mar 31 14:42:27 ..... finished GTF processing

Estimated genome size with padding and SJs: total=genome+SJ=301065536 = 65536 + 301000000
GstrandBit=32
Number of SA indices: 33136
Mar 31 14:42:27 ... starting to sort Suffix Array. This may take a long time...
Number of chunks: 1;   chunks size limit: 24251402960 bytes
Mar 31 14:42:27 ... sorting Suffix Array chunks and saving them to disk...
Writing 265088 bytes into ctat_genome_lib_build_dir_chrM/ref_genome.fa.star.idx//SA_0 ; empty space on disk = 50154065920 bytes ... done
Mar 31 14:42:27 ... loading chunks from disk, packing SA...
Mar 31 14:42:27 ... finished generating suffix array
Mar 31 14:42:27 ... generating Suffix Array index
Mar 31 14:42:27 ... completed Suffix Array index
Mar 31 14:42:27   Finished preparing junctions
Mar 31 14:42:27 ..... finished inserting junctions into genome
Mar 31 14:42:27 ... writing Genome to disk ...
Writing 65536 bytes into ctat_genome_lib_build_dir_chrM/ref_genome.fa.star.idx//Genome ; empty space on disk = 50154057728 bytes ... done
SA size in bytes: 136689
Mar 31 14:42:27 ... writing Suffix Array to disk ...
Writing 136689 bytes into ctat_genome_lib_build_dir_chrM/ref_genome.fa.star.idx//SA ; empty space on disk = 50153988096 bytes ... done
Mar 31 14:42:27 ... writing SAindex to disk
Writing 8 bytes into ctat_genome_lib_build_dir_chrM/ref_genome.fa.star.idx//SAindex ; empty space on disk = 50153848832 bytes ... done
Writing 56 bytes into ctat_genome_lib_build_dir_chrM/ref_genome.fa.star.idx//SAindex ; empty space on disk = 50153848832 bytes ... done
Writing 23891 bytes into ctat_genome_lib_build_dir_chrM/ref_genome.fa.star.idx//SAindex ; empty space on disk = 50153848832 bytes ... done
Mar 31 14:42:27 ..... finished successfully
DONE: Genome generation, EXITING
